[eaglercraft.com/play/index3bb1.html]
[backblue.gif]
[fade.gif]
[index.html]
[eaglercraft.com/img/stone.png]
[eaglercraft.com/img/dirt.png]
[eaglercraft.com/img/dirt_back.png]
[eaglercraft.com/_next/static/chunks/webpack-3aa8e5e712811895.js]
[eaglercraft.com/_next/static/chunks/52774a7f-fb8ffca63fba126d.js]
[eaglercraft.com/_next/static/chunks/4bd1b696-7ac1c2b1a801bcf0.js]
[eaglercraft.com/_next/static/chunks/691-c7b7f2b1a91a1e59.js]
[eaglercraft.com/_next/static/chunks/main-app-6efcefa6c2aa3c20.js]
[eaglercraft.com/_next/static/chunks/app/global-error-32da905788f54296.js]
[eaglercraft.com/_next/static/chunks/app/layout-61bfe8280c5d66f5.js]
[eaglercraft.com/_next/static/chunks/43-1f0731dcf06a6106.js]
[eaglercraft.com/_next/static/chunks/app/(main)/layout-9f199be8d623dac7.js]
[eaglercraft.com/_next/static/chunks/63-aab52a1a4b2575df.js]
[eaglercraft.com/_next/static/chunks/app/not-found-1b4d186a9139eb47.js]
[eaglercraft.com/_next/static/chunks/app/(main)/play/page-d4ee599d1779bef4.js]
[translate.google.com/translate_a/elementa0d8.js]
[cdn.intergient.com/1025536/75830/ramp.js]
[cdn.intergient.com/ramp_core.js]
[eaglercraft.com/play/index3bb1.html]
[eaglercraft.com/_next/static/chunks/polyfills-42372ed130431b0a.js]
